Test marketing_hub_starter_diy, sales_hub_professional_dwme, service_hub_starter_difme
